// Jest Snapshot v1, https://goo.gl/fbAQLP

exports[`Probar el componente GifGridItem Debe de mostrar el componente correcto 1`] = `
<div
  className="card animate__animated animate__bounceIn"
>
  <img
    alt="Un titulo"
    src="https://localhost/algo.jpg"
  />
  <p>
    Un titulo
  </p>
</div>
`;
